// Jest Snapshot v1, https://goo.gl/fbAQLP

exports[`GirfGridItem debe mostrar <GifGridItem /> correctamente  1`] = `
<div
  className="card animate__animated animate__fadeIn"
>
  <img
    alt="test"
    src="http://placehold.it/200x200"
  />
  <p>
    test
  </p>
</div>
`;
