// Jest Snapshot v1, https://goo.gl/fbAQLP

exports[`Pruebas sobre el componente GifGrid Comprobar que se muestre el componenten <GifGrid /> 1`] = `
<Fragment>
  <h3
    className="animate__animated animate__fadeIn"
  >
    Hola Mundo
  </h3>
  <p
    className=" animate__animated animate__flash"
  >
    Loading...
  </p>
  <div
    className="card-grid"
  />
</Fragment>
`;
